[0m20:37:36.263392 [debug] [MainThread]: Sending event: {'category': 'dbt', 'action': 'invocation', 'label': 'start', 'context': [<snowplow_tracker.self_describing_json.SelfDescribingJson object at 0x0000025274426940>, <snowplow_tracker.self_describing_json.SelfDescribingJson object at 0x00000252763CDD30>, <snowplow_tracker.self_describing_json.SelfDescribingJson object at 0x000002527707AFA0>]}


============================== 20:37:36.273191 | edef1ce5-6ccd-4a1e-960e-67cb33f24754 ==============================
[0m20:37:36.273191 [info ] [MainThread]: Running with dbt=1.8.7
[0m20:37:36.274190 [debug] [MainThread]: running dbt with arguments {'printer_width': '80', 'indirect_selection': 'eager', 'write_json': 'True', 'log_cache_events': 'False', 'partial_parse': 'True', 'cache_selected_only': 'False', 'warn_error': 'None', 'version_check': 'True', 'profiles_dir': 'C:\\Users\\prath\\.dbt', 'log_path': 'logs', 'debug': 'False', 'fail_fast': 'False', 'use_colors': 'True', 'use_experimental_parser': 'False', 'empty': 'None', 'quiet': 'False', 'no_print': 'None', 'log_format': 'default', 'static_parser': 'True', 'invocation_command': 'dbt init zomato', 'introspect': 'True', 'target_path': 'None', 'warn_error_options': 'WarnErrorOptions(include=[], exclude=[])', 'send_anonymous_usage_stats': 'True'}
[0m20:37:36.373759 [warn ] [MainThread]: [ConfigFolderDirectory]: Unable to parse logging event dictionary. Failed to parse dir field: expected string or bytes-like object.. Dictionary: {'dir': WindowsPath('C:/Users/prath/.dbt')}
[0m20:37:36.374776 [info ] [MainThread]: Creating dbt configuration folder at 
[0m20:37:36.387855 [debug] [MainThread]: Starter project path: c:\programdata\anaconda3\lib\site-packages\dbt\include\starter_project
[0m20:37:36.499136 [info ] [MainThread]: 
Your new dbt project "zomato" was created!

For more information on how to configure the profiles.yml file,
please consult the dbt documentation here:

  https://docs.getdbt.com/docs/configure-your-profile

One more thing:

Need help? Don't hesitate to reach out to us via GitHub issues or on Slack:

  https://community.getdbt.com/

Happy modeling!

[0m20:37:36.500146 [info ] [MainThread]: Setting up your profile.
[0m20:40:02.781786 [info ] [MainThread]: Profile zomato written to C:\Users\prath\.dbt\profiles.yml using target's profile_template.yml and your supplied values. Run 'dbt debug' to validate the connection.
[0m20:40:02.783799 [debug] [MainThread]: Command `dbt init` succeeded at 20:40:02.783799 after 146.63 seconds
[0m20:40:02.783799 [debug] [MainThread]: Sending event: {'category': 'dbt', 'action': 'invocation', 'label': 'end', 'context': [<snowplow_tracker.self_describing_json.SelfDescribingJson object at 0x0000025274426940>, <snowplow_tracker.self_describing_json.SelfDescribingJson object at 0x0000025277129CA0>, <snowplow_tracker.self_describing_json.SelfDescribingJson object at 0x00000252770FB4C0>]}
[0m20:40:02.785332 [debug] [MainThread]: Flushing usage events
